// Jest Snapshot v1, https://goo.gl/fbAQLP

exports[`Match snapshot 1`] = `
<div>
  <form
    autocomplete="off"
    class=""
    data-testid="plant-create-form"
  >
    <div
      class="form-group"
    >
      <label
        class=""
        for="name"
      >
        Name:
      </label>
      <input
        class="form-control"
        data-testid="name-input"
        id="name"
        name="name"
        placeholder="Plant name"
        required=""
        type="text"
        value=""
      />
    </div>
    <div
      class="form-group"
    >
      <label
        class=""
        for="scientificName"
      >
        Scientific name:
      </label>
      <input
        class="form-control"
        data-testid="sc-name-input"
        id="scientificName"
        name="scientificName"
        placeholder="Scientific name"
        required=""
        type="text"
        value=""
      />
    </div>
    <div
      class="form-group"
    >
      <section
        class="label"
      >
        <span
          class="icon-droplet"
        />
        <h4
          class="header"
        >
          <span
            class="icon-droplet"
          />
        </h4>
      </section>
      <input
        class="form-control-range"
        data-testid="days-between-watering-input"
        id="daysBetweenWatering"
        max="30"
        min="1"
        name="daysBetweenWatering"
        placeholder="Days between watering"
        required=""
        type="range"
        value="7"
      />
      <div
        class="text-center"
      >
        <small>
          7
           day(s) between waterings
        </small>
      </div>
    </div>
    <button
      class="button btn btn-secondary"
      type="submit"
    >
      Add plant
    </button>
  </form>
</div>
`;
