// Jest Snapshot v1, https://goo.gl/fbAQLP

exports[`Match snapshot 1`] = `
<div>
  <form
    autocomplete="off"
    class=""
  >
    <section
      class="controls"
    >
      <button
        class="roundButton btn btn-outline-success"
        title="Save!"
        type="submit"
      >
        ✓
      </button>
      <button
        class="roundButton btn btn-outline-danger"
        title="Cancel!"
        type="button"
      >
        ❌
      </button>
    </section>
    <img
      alt="plant pot"
      class="image"
      src="pot.jpeg"
    />
    <div
      class="form-group"
    >
      <input
        class="form-control-sm form-control"
        data-testid="plant-name-input"
        id="name"
        name="name"
        placeholder="Plant name"
        required=""
        title="Plant name"
        type="text"
        value="Aloe 1"
      />
    </div>
    <div
      class="form-group"
    >
      <input
        class="form-control-sm form-control"
        data-testid="plant-scientific-name-input"
        id="scientificName"
        name="scientificName"
        placeholder="Scientific name"
        required=""
        type="text"
        value="Aloe Vera"
      />
      <ul
        class="option list-group"
      />
    </div>
    <div
      class="form-group"
    >
      <section
        class="label"
      >
        <span
          class="icon-droplet"
        />
        <h4
          class="header"
        >
          <span
            class="icon-droplet"
          />
        </h4>
      </section>
      <input
        class="form-control-range"
        data-testid="days-between-watering-input"
        id="daysBetweenWatering"
        max="30"
        min="1"
        name="daysBetweenWatering"
        placeholder="Days between watering"
        required=""
        type="range"
        value="7"
      />
      <small>
        7
         day(s)
      </small>
    </div>
  </form>
</div>
`;
